// Jest Snapshot v1, https://goo.gl/fbAQLP

exports[`renders loader component snapshot 1`] = `
<DocumentFragment>
  <div
    class="loader__container"
  >
    <span
      style="display: inherit; position: relative;"
    >
      <span
        style="position: absolute; font-size: 5px; width: 15px; height: 15px; background: rgb(7, 11, 18); border-radius: 50%; animation: react-spinners-PropagateLoader-propogate-0 1.5s infinite; animation-fill-mode: forwards;"
      />
      <span
        style="position: absolute; font-size: 5px; width: 15px; height: 15px; background: rgb(7, 11, 18); border-radius: 50%; animation: react-spinners-PropagateLoader-propogate-1 1.5s infinite; animation-fill-mode: forwards;"
      />
      <span
        style="position: absolute; font-size: 5px; width: 15px; height: 15px; background: rgb(7, 11, 18); border-radius: 50%; animation: react-spinners-PropagateLoader-propogate-2 1.5s infinite; animation-fill-mode: forwards;"
      />
      <span
        style="position: absolute; font-size: 5px; width: 15px; height: 15px; background: rgb(7, 11, 18); border-radius: 50%; animation: react-spinners-PropagateLoader-propogate-3 1.5s infinite; animation-fill-mode: forwards;"
      />
      <span
        style="position: absolute; font-size: 5px; width: 15px; height: 15px; background: rgb(7, 11, 18); border-radius: 50%; animation: react-spinners-PropagateLoader-propogate-4 1.5s infinite; animation-fill-mode: forwards;"
      />
      <span
        style="position: absolute; font-size: 5px; width: 15px; height: 15px; background: rgb(7, 11, 18); border-radius: 50%; animation: react-spinners-PropagateLoader-propogate-5 1.5s infinite; animation-fill-mode: forwards;"
      />
    </span>
  </div>
</DocumentFragment>
`;
